prisma/seed.ts(24,32): error TS2339: Property 'animalSpecies' does not exist on type 'PrismaClient<PrismaClientOptions, never, DefaultArgs>'.
src/app/animals/[groupId]/page.tsx(92,9): error TS7034: Variable 'chartData' implicitly has type 'any[]' in some locations where its type cannot be determined.
src/app/animals/[groupId]/page.tsx(162,32): error TS7005: Variable 'chartData' implicitly has an 'any[]' type.
src/app/api/animals/expenses/route.ts(23,32): error TS2339: Property 'animalGroup' does not exist on type 'PrismaClient<PrismaClientOptions, never, DefaultArgs>'.
src/app/api/animals/expenses/route.ts(31,34): error TS2339: Property 'animalExpense' does not exist on type 'PrismaClient<PrismaClientOptions, never, DefaultArgs>'.
src/app/api/animals/expenses/route.ts(61,47): error TS2339: Property 'errors' does not exist on type 'ZodError<{ groupId: string; date: string; category: string; cost: number; }>'.
src/app/api/animals/expenses/route.ts(68,32): error TS2339: Property 'animalGroup' does not exist on type 'PrismaClient<PrismaClientOptions, never, DefaultArgs>'.
src/app/api/animals/expenses/route.ts(76,33): error TS2339: Property 'animalExpense' does not exist on type 'PrismaClient<PrismaClientOptions, never, DefaultArgs>'.
src/app/api/animals/feed/route.ts(23,32): error TS2339: Property 'animalGroup' does not exist on type 'PrismaClient<PrismaClientOptions, never, DefaultArgs>'.
src/app/api/animals/feed/route.ts(31,34): error TS2339: Property 'animalFeedRecord' does not exist on type 'PrismaClient<PrismaClientOptions, never, DefaultArgs>'.
src/app/api/animals/feed/route.ts(61,47): error TS2339: Property 'errors' does not exist on type 'ZodError<{ groupId: string; date: string; feedType: string; quantityKg: number; cost?: number | undefined; }>'.
src/app/api/animals/feed/route.ts(68,32): error TS2339: Property 'animalGroup' does not exist on type 'PrismaClient<PrismaClientOptions, never, DefaultArgs>'.
src/app/api/animals/feed/route.ts(76,33): error TS2339: Property 'animalFeedRecord' does not exist on type 'PrismaClient<PrismaClientOptions, never, DefaultArgs>'.
src/app/api/animals/forecast/[groupId]/route.ts(5,23): error TS2307: Cannot find module 'bullmq' or its corresponding type declarations.
src/app/api/animals/forecast/[groupId]/route.ts(34,47): error TS2339: Property 'errors' does not exist on type 'ZodError<{ type: "egg_production" | "growth" | "mortality"; horizonDays: number; model?: string | undefined; inputOverrides?: Record<any, unknown> | undefined; }>'.
src/app/api/animals/forecast/[groupId]/route.ts(42,32): error TS2339: Property 'animalGroup' does not exist on type 'PrismaClient<PrismaClientOptions, never, DefaultArgs>'.
src/app/api/animals/forecast/[groupId]/route.ts(51,35): error TS2339: Property 'animalForecast' does not exist on type 'PrismaClient<PrismaClientOptions, never, DefaultArgs>'.
src/app/api/animals/forecast/[groupId]/route.ts(99,32): error TS2339: Property 'animalGroup' does not exist on type 'PrismaClient<PrismaClientOptions, never, DefaultArgs>'.
src/app/api/animals/forecast/[groupId]/route.ts(107,36): error TS2339: Property 'animalForecast' does not exist on type 'PrismaClient<PrismaClientOptions, never, DefaultArgs>'.
src/app/api/animals/forecast/details/[id]/route.ts(17,35): error TS2339: Property 'animalForecast' does not exist on type 'PrismaClient<PrismaClientOptions, never, DefaultArgs>'.
src/app/api/animals/groups/[id]/route.ts(18,32): error TS2339: Property 'animalGroup' does not exist on type 'PrismaClient<PrismaClientOptions, never, DefaultArgs>'.
src/app/api/animals/groups/[id]/route.ts(43,43): error TS2339: Property 'animalProduction' does not exist on type 'PrismaClient<PrismaClientOptions, never, DefaultArgs>'.
src/app/api/animals/groups/[id]/route.ts(80,47): error TS2339: Property 'errors' does not exist on type 'ZodError<{ name?: string | undefined; quantity?: number | undefined; notes?: string | undefined; status?: "active" | "sold" | "archived" | undefined; }>'.
src/app/api/animals/groups/[id]/route.ts(85,32): error TS2339: Property 'animalGroup' does not exist on type 'PrismaClient<PrismaClientOptions, never, DefaultArgs>'.
src/app/api/animals/groups/[id]/route.ts(97,34): error TS2339: Property 'animalGroup' does not exist on type 'PrismaClient<PrismaClientOptions, never, DefaultArgs>'.
src/app/api/animals/groups/[id]/route.ts(127,32): error TS2339: Property 'animalGroup' does not exist on type 'PrismaClient<PrismaClientOptions, never, DefaultArgs>'.
src/app/api/animals/groups/[id]/route.ts(140,34): error TS2339: Property 'animalGroup' does not exist on type 'PrismaClient<PrismaClientOptions, never, DefaultArgs>'.
src/app/api/animals/groups/route.test.ts(27,17): error TS2339: Property 'animalGroup' does not exist on type 'PrismaClient<PrismaClientOptions, never, DefaultArgs>'.
src/app/api/animals/groups/route.test.ts(49,17): error TS2339: Property 'animalGroup' does not exist on type 'PrismaClient<PrismaClientOptions, never, DefaultArgs>'.
src/app/api/animals/groups/route.ts(24,33): error TS2339: Property 'animalGroup' does not exist on type 'PrismaClient<PrismaClientOptions, never, DefaultArgs>'.
src/app/api/animals/groups/route.ts(60,47): error TS2339: Property 'errors' does not exist on type 'ZodError<{ speciesId: string; name: string; quantity: number; startDate: string; notes?: string | undefined; farmId?: string | undefined; }>'.
src/app/api/animals/groups/route.ts(67,32): error TS2339: Property 'animalGroup' does not exist on type 'PrismaClient<PrismaClientOptions, never, DefaultArgs>'.
src/app/api/animals/health/route.ts(23,32): error TS2339: Property 'animalGroup' does not exist on type 'PrismaClient<PrismaClientOptions, never, DefaultArgs>'.
src/app/api/animals/health/route.ts(31,34): error TS2339: Property 'animalHealthRecord' does not exist on type 'PrismaClient<PrismaClientOptions, never, DefaultArgs>'.
src/app/api/animals/health/route.ts(61,47): error TS2339: Property 'errors' does not exist on type 'ZodError<{ groupId: string; date: string; issue: string; treatment?: string | undefined; cost?: number | undefined; }>'.
src/app/api/animals/health/route.ts(68,32): error TS2339: Property 'animalGroup' does not exist on type 'PrismaClient<PrismaClientOptions, never, DefaultArgs>'.
src/app/api/animals/health/route.ts(76,33): error TS2339: Property 'animalHealthRecord' does not exist on type 'PrismaClient<PrismaClientOptions, never, DefaultArgs>'.
src/app/api/animals/production/route.ts(26,32): error TS2339: Property 'animalGroup' does not exist on type 'PrismaClient<PrismaClientOptions, never, DefaultArgs>'.
src/app/api/animals/production/route.ts(41,37): error TS2339: Property 'animalProduction' does not exist on type 'PrismaClient<PrismaClientOptions, never, DefaultArgs>'.
src/app/api/animals/production/route.ts(71,47): error TS2339: Property 'errors' does not exist on type 'ZodError<{ groupId: string; date: string; eggs?: number | undefined; weightKg?: number | undefined; notes?: string | undefined; }>'.
src/app/api/animals/production/route.ts(79,32): error TS2339: Property 'animalGroup' does not exist on type 'PrismaClient<PrismaClientOptions, never, DefaultArgs>'.
src/app/api/animals/production/route.ts(87,37): error TS2339: Property 'animalProduction' does not exist on type 'PrismaClient<PrismaClientOptions, never, DefaultArgs>'.
src/app/api/animals/species/route.ts(13,34): error TS2339: Property 'animalSpecies' does not exist on type 'PrismaClient<PrismaClientOptions, never, DefaultArgs>'.
src/app/api/animals/species/route.ts(47,47): error TS2339: Property 'errors' does not exist on type 'ZodError<{ name: string; slug: string; description?: string | undefined; }>'.
src/app/api/animals/species/route.ts(54,34): error TS2339: Property 'animalSpecies' does not exist on type 'PrismaClient<PrismaClientOptions, never, DefaultArgs>'.
src/lib/validators/animals.ts(78,21): error TS2554: Expected 2-3 arguments, but got 1.
src/services/forecastService.ts(6,37): error TS2339: Property 'animalProduction' does not exist on type 'PrismaClient<PrismaClientOptions, never, DefaultArgs>'.
src/services/forecastService.ts(12,31): error TS2339: Property 'animalFeedRecord' does not exist on type 'PrismaClient<PrismaClientOptions, never, DefaultArgs>'.
src/services/forecastService.ts(18,32): error TS2339: Property 'animalGroup' does not exist on type 'PrismaClient<PrismaClientOptions, never, DefaultArgs>'.
src/services/forecastService.ts(26,32): error TS7006: Parameter 'p' implicitly has an 'any' type.
src/services/forecastService.ts(31,23): error TS7006: Parameter 'f' implicitly has an 'any' type.
src/workers/forecastWorker.ts(1,24): error TS2307: Cannot find module 'bullmq' or its corresponding type declarations.
src/workers/forecastWorker.ts(19,10): error TS7006: Parameter 'job' implicitly has an 'any' type.
src/workers/forecastWorker.ts(24,20): error TS2339: Property 'animalForecast' does not exist on type 'PrismaClient<PrismaClientOptions, never, DefaultArgs>'.
src/workers/forecastWorker.ts(35,20): error TS2339: Property 'animalForecast' does not exist on type 'PrismaClient<PrismaClientOptions, never, DefaultArgs>'.
src/workers/forecastWorker.ts(48,20): error TS2339: Property 'animalForecast' does not exist on type 'PrismaClient<PrismaClientOptions, never, DefaultArgs>'.
src/workers/forecastWorker.ts(58,25): error TS7006: Parameter 'job' implicitly has an 'any' type.
src/workers/forecastWorker.ts(62,22): error TS7006: Parameter 'job' implicitly has an 'any' type.
src/workers/forecastWorker.ts(62,27): error TS7006: Parameter 'err' implicitly has an 'any' type.
